 sl_drivepoint_sfun

 Timestamp is 5aa4bb8c (Sun Mar 11 13:15:56 2018)

 Preferred load address is 0000000180000000

 Start         Length     Name                   Class
 0001:00000000 0000ce24H .text                   CODE
 0001:0000ce30 00000092H .text$x                 CODE
 0002:00000000 00000448H .idata$5                DATA
 0002:00000448 00000008H .CRT$XCA                DATA
 0002:00000450 00000008H .CRT$XCZ                DATA
 0002:00000458 00000008H .CRT$XIA                DATA
 0002:00000460 00000008H .CRT$XIAA               DATA
 0002:00000468 00000008H .CRT$XIZ                DATA
 0002:00000470 0000069cH .rdata                  DATA
 0002:00000b10 00000008H .rtc$IAA                DATA
 0002:00000b18 00000008H .rtc$IZZ                DATA
 0002:00000b20 00000008H .rtc$TAA                DATA
 0002:00000b28 00000008H .rtc$TZZ                DATA
 0002:00000b30 00000640H .xdata                  DATA
 0002:00001170 0000008cH .idata$2                DATA
 0002:000011fc 00000014H .idata$3                DATA
 0002:00001210 00000448H .idata$4                DATA
 0002:00001658 00000bbaH .idata$6                DATA
 0002:00002220 00000058H .edata                  DATA
 0003:00000000 00002978H .data                   DATA
 0003:00002980 000006a8H .bss                    DATA
 0004:00000000 00000780H .pdata                  DATA

  Address         Publics by Value              Rva+Base               Lib:Object

 0000:00000000       ___safe_se_handler_table   0000000000000000     <absolute>
 0000:00000000       ___safe_se_handler_count   0000000000000000     <absolute>
 0000:00000000       __ImageBase                0000000180000000     <linker-defined>
 0001:00000000       sl_drivepoint_initializer  0000000180001000 f   sl_drivepoint_sfun.obj
 0001:00000010       sl_drivepoint_terminator   0000000180001010 f   sl_drivepoint_sfun.obj
 0001:00000020       sf_sl_drivepoint_method_dispatcher 0000000180001020 f   sl_drivepoint_sfun.obj
 0001:00000070       sf_sl_drivepoint_process_testpoint_info_call 0000000180001070 f   sl_drivepoint_sfun.obj
 0001:000001d0       sf_sl_drivepoint_process_check_sum_call 00000001800011d0 f   sl_drivepoint_sfun.obj
 0001:000005e0       sf_sl_drivepoint_autoinheritance_info 00000001800015e0 f   sl_drivepoint_sfun.obj
 0001:00000750       sf_sl_drivepoint_get_eml_resolved_functions_info 0000000180001750 f   sl_drivepoint_sfun.obj
 0001:00000880       sf_sl_drivepoint_third_party_uses_info 0000000180001880 f   sl_drivepoint_sfun.obj
 0001:000009d0       sf_sl_drivepoint_updateBuildInfo_args_info 00000001800019d0 f   sl_drivepoint_sfun.obj
 0001:00000b20       sl_drivepoint_debug_initialize 0000000180001b20 f   sl_drivepoint_sfun.obj
 0001:00000ba0       sl_drivepoint_register_exported_symbols 0000000180001ba0 f   sl_drivepoint_sfun.obj
 0001:00000bb0       load_sl_drivepoint_optimization_info 0000000180001bb0 f   sl_drivepoint_sfun.obj
 0001:00000c00       unload_sl_drivepoint_optimization_info 0000000180001c00 f   sl_drivepoint_sfun.obj
 0001:00000c30       sf_c2_sl_drivepoint_get_eml_resolved_functions_info 0000000180001c30 f   c2_sl_drivepoint.obj
 0001:00002f90       sf_c2_sl_drivepoint_get_check_sum 0000000180003f90 f   c2_sl_drivepoint.obj
 0001:00003010       sf_c2_sl_drivepoint_get_autoinheritance_info 0000000180004010 f   c2_sl_drivepoint.obj
 0001:00003580       sf_c2_sl_drivepoint_third_party_uses_info 0000000180004580 f   c2_sl_drivepoint.obj
 0001:000035b0       sf_c2_sl_drivepoint_updateBuildInfo_args_info 00000001800045b0 f   c2_sl_drivepoint.obj
 0001:000035e0       sf_internal_get_sim_state_c2_sl_drivepoint 00000001800045e0 f   c2_sl_drivepoint.obj
 0001:00003940       sf_internal_set_sim_state_c2_sl_drivepoint 0000000180004940 f   c2_sl_drivepoint.obj
 0001:00003d30       c2_sl_drivepoint_method_dispatcher 0000000180004d30 f   c2_sl_drivepoint.obj
 0001:00005c80       sf_process_check_sum_call  0000000180006c80 f   sl_drivepoint_sfun_registry.obj
 0001:00005cd0       sf_process_testpoint_info_call 0000000180006cd0 f   sl_drivepoint_sfun_registry.obj
 0001:00005d20       sf_process_autoinheritance_call 0000000180006d20 f   sl_drivepoint_sfun_registry.obj
 0001:00005ec0       sf_process_get_third_party_uses_info_call 0000000180006ec0 f   sl_drivepoint_sfun_registry.obj
 0001:00006060       sf_process_get_updateBuildInfo_args_info_call 0000000180007060 f   sl_drivepoint_sfun_registry.obj
 0001:00006200       sf_process_get_eml_resolved_functions_info_call 0000000180007200 f   sl_drivepoint_sfun_registry.obj
 0001:00006380       sf_mex_unlock_call         0000000180007380 f   sl_drivepoint_sfun_registry.obj
 0001:00006430       sf_machine_global_initializer_called 0000000180007430 f   sl_drivepoint_sfun_registry.obj
 0001:00006460       sf_machine_global_method_dispatcher 0000000180007460 f   sl_drivepoint_sfun_registry.obj
 0001:000064c0       sf_machine_global_terminator 00000001800074c0 f   sl_drivepoint_sfun_registry.obj
 0001:00006510       sf_register_machine_exported_symbols 0000000180007510 f   sl_drivepoint_sfun_registry.obj
 0001:00006530       callCustomFcn              0000000180007530 f   sl_drivepoint_sfun_registry.obj
 0001:00006540       sf_machine_global_initializer 0000000180007540 f   sl_drivepoint_sfun_registry.obj
 0001:000065c0       mdlGetSimState             00000001800075c0 f   sl_drivepoint_sfun_registry.obj
 0001:00006640       mdlSetSimState             0000000180007640 f   sl_drivepoint_sfun_registry.obj
 0001:00006680       _ssSetStateAbsTol          0000000180007680 f   sl_drivepoint_sfun_registry.obj
 0001:00006760       _ssGetAbsTol               0000000180007760 f   sl_drivepoint_sfun_registry.obj
 0001:000067d0       _ssSetInputPortMatrixDimensions 00000001800077d0 f   sl_drivepoint_sfun_registry.obj
 0001:000068e0       _ssSetOutputPortMatrixDimensions 00000001800078e0 f   sl_drivepoint_sfun_registry.obj
 0001:000069f0       _ssSetInputPortVectorDimension 00000001800079f0 f   sl_drivepoint_sfun_registry.obj
 0001:00006ac0       _ssSetOutputPortVectorDimension 0000000180007ac0 f   sl_drivepoint_sfun_registry.obj
 0001:00006b90       ssIsRunTimeParamTunable    0000000180007b90 f   sl_drivepoint_sfun_registry.obj
 0001:00006c00       ssGetSFuncBlockHandle      0000000180007c00 f   sl_drivepoint_sfun_registry.obj
 0001:00006c70       _ssGetCurrentInputPortWidth 0000000180007c70 f   sl_drivepoint_sfun_registry.obj
 0001:00006d90       _ssGetCurrentOutputPortWidth 0000000180007d90 f   sl_drivepoint_sfun_registry.obj
 0001:00006eb0       _ssGetCallSystemNumFcnCallDestinations 0000000180007eb0 f   sl_drivepoint_sfun_registry.obj
 0001:00006f20       ssWarning                  0000000180007f20 f   sl_drivepoint_sfun_registry.obj
 0001:00007030       ssGetIsZeroCrossControlDisabled 0000000180008030 f   sl_drivepoint_sfun_registry.obj
 0001:000070a0       ssSetIsInputPortUsedForContZcSignal 00000001800080a0 f   sl_drivepoint_sfun_registry.obj
 0001:00007110       ssSetZcSignalIsZcElementDisc 0000000180008110 f   sl_drivepoint_sfun_registry.obj
 0001:000071c0       ssSetZcSignalName          00000001800081c0 f   sl_drivepoint_sfun_registry.obj
 0001:00007230       ssSetZcSignalWidth         0000000180008230 f   sl_drivepoint_sfun_registry.obj
 0001:000072a0       ssSetZcSignalZcEventType   00000001800082a0 f   sl_drivepoint_sfun_registry.obj
 0001:00007310       ssSetZcSignalType          0000000180008310 f   sl_drivepoint_sfun_registry.obj
 0001:00007380       ssSetZcSignalZcTol         0000000180008380 f   sl_drivepoint_sfun_registry.obj
 0001:000073f0       ssSetZcSignalNeedsEventNotification 00000001800083f0 f   sl_drivepoint_sfun_registry.obj
 0001:00007460       ssCreateAndAddZcSignalInfo 0000000180008460 f   sl_drivepoint_sfun_registry.obj
 0001:000074d0       ssCloneAndAddZcSignalInfo  00000001800084d0 f   sl_drivepoint_sfun_registry.obj
 0001:00007540       ssGetNumZcSignals          0000000180008540 f   sl_drivepoint_sfun_registry.obj
 0001:000075b0       ssGetZcSignalVector        00000001800085b0 f   sl_drivepoint_sfun_registry.obj
 0001:00007620       ssGetZcSignalZcEvents      0000000180008620 f   sl_drivepoint_sfun_registry.obj
 0001:00007690       ssGetZcSignalName          0000000180008690 f   sl_drivepoint_sfun_registry.obj
 0001:00007700       ssGetZcSignalWidth         0000000180008700 f   sl_drivepoint_sfun_registry.obj
 0001:00007770       ssGetZcSignalZcEventType   0000000180008770 f   sl_drivepoint_sfun_registry.obj
 0001:000077e0       ssGetZcSignalType          00000001800087e0 f   sl_drivepoint_sfun_registry.obj
 0001:00007850       ssGetZcSignalZcTol         0000000180008850 f   sl_drivepoint_sfun_registry.obj
 0001:000078d0       ssGetZcSignalNeedsEventNotification 00000001800088d0 f   sl_drivepoint_sfun_registry.obj
 0001:00007940       ssGetZcSignalIsZcElementDisc 0000000180008940 f   sl_drivepoint_sfun_registry.obj
 0001:000079e0       ssGetIsInputPortElementContinuous 00000001800089e0 f   sl_drivepoint_sfun_registry.obj
 0001:00007a80       _ssGetInputPortSignalPtrsFcn 0000000180008a80 f   sl_drivepoint_sfun_registry.obj
 0001:00007d40       _ssGetInputPortSignalFcn   0000000180008d40 f   sl_drivepoint_sfun_registry.obj
 0001:00007f60       _ssSetInputPortDirectFeedThroughFcn 0000000180008f60 f   sl_drivepoint_sfun_registry.obj
 0001:000080c0       _ssSetInputPortReusableFcn 00000001800090c0 f   sl_drivepoint_sfun_registry.obj
 0001:000081b0       _ssSetOutputPortReusableFcn 00000001800091b0 f   sl_drivepoint_sfun_registry.obj
 0001:00008290       ssGetDTypeIdFromMxArray    0000000180009290 f   sl_drivepoint_sfun_registry.obj
 0001:000083b0       ssWriteRTWStr              00000001800093b0 f   sl_drivepoint_sfun_registry.obj
 0001:00008410       ssWriteRTWMxVectParam      0000000180009410 f   sl_drivepoint_sfun_registry.obj
 0001:00008470       ssWriteRTWMx2dMatParam     0000000180009470 f   sl_drivepoint_sfun_registry.obj
 0001:000084f0       ssWriteRTWNameValuePair    00000001800094f0 f   sl_drivepoint_sfun_registry.obj
 0001:000089e0       ssWriteRTWParameters       00000001800099e0 f   sl_drivepoint_sfun_registry.obj
 0001:00008fe0       ssWriteRTWParamSettings    0000000180009fe0 f   sl_drivepoint_sfun_registry.obj
 0001:000096b0       ssWriteRTWWorkVect         000000018000a6b0 f   sl_drivepoint_sfun_registry.obj
 0001:00009bb0       mexFunction                000000018000abb0 f   sl_drivepoint_sfun_registry.obj
 0001:0000c060       ProcessMexSfunctionEveryCall 000000018000d060 f   sl_drivepoint_sfun_registry.obj
 0001:0000c1e2       sf_debug_set_machine_data_thresholds 000000018000d1e2 f   sf_runtime:sf_runtime.dll
 0001:0000c1e8       sf_debug_set_machine_event_thresholds 000000018000d1e8 f   sf_runtime:sf_runtime.dll
 0001:0000c1ee       sf_debug_initialize_machine 000000018000d1ee f   sf_runtime:sf_runtime.dll
 0001:0000c1f4       sf_load_rtw_optimization_info 000000018000d1f4 f   sf_runtime:sf_runtime.dll
 0001:0000c1fa       sf_mex_emlrtNameCapturePostProcessR2012a 000000018000d1fa f   sf_runtime:sf_runtime.dll
 0001:0000c200       sf_mex_assign              000000018000d200 f   sf_runtime:sf_runtime.dll
 0001:0000c206       sf_mex_createstruct        000000018000d206 f   sf_runtime:sf_runtime.dll
 0001:0000c20c       sf_mex_destroy             000000018000d20c f   sf_runtime:sf_runtime.dll
 0001:0000c212       sf_mex_duplicatearraysafe  000000018000d212 f   sf_runtime:sf_runtime.dll
 0001:0000c218       sf_mex_createcellmatrix    000000018000d218 f   sf_runtime:sf_runtime.dll
 0001:0000c21e       sf_mex_addfield            000000018000d21e f   sf_runtime:sf_runtime.dll
 0001:0000c224       sf_mex_create              000000018000d224 f   sf_runtime:sf_runtime.dll
 0001:0000c22a       sf_mex_error_message       000000018000d22a f   sf_runtime:sf_runtime.dll
 0001:0000c230       sf_mex_call_matlab         000000018000d230 f   sf_runtime:sf_runtime.dll
 0001:0000c236       sf_mex_setcell             000000018000d236 f   sf_runtime:sf_runtime.dll
 0001:0000c23c       sf_mex_decode_encoded_mx_struct_array 000000018000d23c f   sf_runtime:sf_runtime.dll
 0001:0000c242       sf_mex_getcell             000000018000d242 f   sf_runtime:sf_runtime.dll
 0001:0000c248       sf_mex_dup                 000000018000d248 f   sf_runtime:sf_runtime.dll
 0001:0000c24e       sf_mex_import              000000018000d24e f   sf_runtime:sf_runtime.dll
 0001:0000c254       sf_set_rtw_dwork_info      000000018000d254 f   sf_runtime:sf_runtime.dll
 0001:0000c25a       sf_mark_chart_reusable_outputs 000000018000d25a f   sf_runtime:sf_runtime.dll
 0001:0000c260       sf_mark_chart_expressionable_inputs 000000018000d260 f   sf_runtime:sf_runtime.dll
 0001:0000c266       sf_update_buildInfo        000000018000d266 f   sf_runtime:sf_runtime.dll
 0001:0000c26c       sf_rtw_info_uint_prop      000000018000d26c f   sf_runtime:sf_runtime.dll
 0001:0000c272       sf_is_chart_inlinable      000000018000d272 f   sf_runtime:sf_runtime.dll
 0001:0000c278       sim_mode_is_external       000000018000d278 f   sf_runtime:sf_runtime.dll
 0001:0000c27e       sim_mode_is_rtw_gen        000000018000d27e f   sf_runtime:sf_runtime.dll
 0001:0000c284       sf_debug_reset_current_state_configuration 000000018000d284 f   sf_runtime:sf_runtime.dll
 0001:0000c28a       sf_debug_set_instance_data_value_ptr 000000018000d28a f   sf_runtime:sf_runtime.dll
 0001:0000c290       sf_debug_set_chart_data_compiled_props 000000018000d290 f   sf_runtime:sf_runtime.dll
 0001:0000c296       cv_eml_init_if             000000018000d296 f   sf_runtime:sf_runtime.dll
 0001:0000c29c       cv_eml_init_fcn            000000018000d29c f   sf_runtime:sf_runtime.dll
 0001:0000c2a2       cv_eml_init_script         000000018000d2a2 f   sf_runtime:sf_runtime.dll
 0001:0000c2a8       sf_debug_cv_init_trans     000000018000d2a8 f   sf_runtime:sf_runtime.dll
 0001:0000c2ae       sf_debug_cv_init_state     000000018000d2ae f   sf_runtime:sf_runtime.dll
 0001:0000c2b4       sf_debug_cv_init_chart     000000018000d2b4 f   sf_runtime:sf_runtime.dll
 0001:0000c2ba       sf_debug_set_chart_decomposition 000000018000d2ba f   sf_runtime:sf_runtime.dll
 0001:0000c2c0       sf_debug_set_chart_substate_count 000000018000d2c0 f   sf_runtime:sf_runtime.dll
 0001:0000c2c6       sf_debug_set_chart_state_info 000000018000d2c6 f   sf_runtime:sf_runtime.dll
 0001:0000c2cc       sf_debug_set_chart_data_props 000000018000d2cc f   sf_runtime:sf_runtime.dll
 0001:0000c2d2       sf_debug_set_chart_event_thresholds 000000018000d2d2 f   sf_runtime:sf_runtime.dll
 0001:0000c2d8       sf_debug_set_chart_disable_implicit_casting 000000018000d2d8 f   sf_runtime:sf_runtime.dll
 0001:0000c2de       sf_debug_initialize_chart  000000018000d2de f   sf_runtime:sf_runtime.dll
 0001:0000c2e4       sf_get_time                000000018000d2e4 f   sf_runtime:sf_runtime.dll
 0001:0000c2ea       sf_debug_check_for_state_inconsistency 000000018000d2ea f   sf_runtime:sf_runtime.dll
 0001:0000c2f0       sf_debug_symbol_scope_pop  000000018000d2f0 f   sf_runtime:sf_runtime.dll
 0001:0000c2f6       eml_debug_line_call        000000018000d2f6 f   sf_runtime:sf_runtime.dll
 0001:0000c2fc       cv_eml_eval                000000018000d2fc f   sf_runtime:sf_runtime.dll
 0001:0000c302       sf_debug_symbol_scope_add_eml 000000018000d302 f   sf_runtime:sf_runtime.dll
 0001:0000c308       sf_debug_symbol_scope_add_eml_importable 000000018000d308 f   sf_runtime:sf_runtime.dll
 0001:0000c30e       sf_debug_symbol_scope_push_eml 000000018000d30e f   sf_runtime:sf_runtime.dll
 0001:0000c314       sf_debug_data_range_wrapper 000000018000d314 f   sf_runtime:sf_runtime.dll
 0001:0000c31a       sf_debug_call              000000018000d31a f   sf_runtime:sf_runtime.dll
 0001:0000c320       sf_debug_symbol_scope_push 000000018000d320 f   sf_runtime:sf_runtime.dll
 0001:0000c326       sf_clear_rtw_identifier    000000018000d326 f   sf_runtime:sf_runtime.dll
 0001:0000c32c       sf_debug_terminate         000000018000d32c f   sf_runtime:sf_runtime.dll
 0001:0000c332       sf_debug_create_debug_instance_struct 000000018000d332 f   sf_runtime:sf_runtime.dll
 0001:0000c338       sf_debug_api               000000018000d338 f   sf_runtime:sf_runtime.dll
 0001:0000c33e       callMdlMethodAndReportError 000000018000d33e f   sf_runtime:sf_runtime.dll
 0001:0000c344       call_sf_machine_global_method_dispatcher 000000018000d344 f   sf_runtime:sf_runtime.dll
 0001:0000c34a       sf_clear_error_manager_info 000000018000d34a f   sf_runtime:sf_runtime.dll
 0001:0000c350       sf_mex_error_direct_call   000000018000d350 f   sf_runtime:sf_runtime.dll
 0001:0000c356       mxCreateDoubleMatrix_730   000000018000d356 f   libmx:libmx.dll
 0001:0000c35c       mxGetScalar                000000018000d35c f   libmx:libmx.dll
 0001:0000c362       mxGetString_730            000000018000d362 f   libmx:libmx.dll
 0001:0000c368       mxIsChar                   000000018000d368 f   libmx:libmx.dll
 0001:0000c36e       mxGetPr                    000000018000d36e f   libmx:libmx.dll
 0001:0000c374       mxDestroyArray             000000018000d374 f   libmx:libmx.dll
 0001:0000c37a       mxDuplicateArray           000000018000d37a f   libmx:libmx.dll
 0001:0000c380       mxCreateDoubleScalar       000000018000d380 f   libmx:libmx.dll
 0001:0000c386       mxSetField_730             000000018000d386 f   libmx:libmx.dll
 0001:0000c38c       mxCreateString             000000018000d38c f   libmx:libmx.dll
 0001:0000c392       mxCreateStructMatrix_730   000000018000d392 f   libmx:libmx.dll
 0001:0000c398       mxCreateCellMatrix_730     000000018000d398 f   libmx:libmx.dll
 0001:0000c39e       mxGetClassID               000000018000d39e f   libmx:libmx.dll
 0001:0000c3a4       mxIsNumeric                000000018000d3a4 f   libmx:libmx.dll
 0001:0000c3aa       mxIsComplex                000000018000d3aa f   libmx:libmx.dll
 0001:0000c3b0       mxGetN                     000000018000d3b0 f   libmx:libmx.dll
 0001:0000c3b6       mxGetM                     000000018000d3b6 f   libmx:libmx.dll
 0001:0000c3bc       mxCalloc                   000000018000d3bc f   libmx:libmx.dll
 0001:0000c3c2       mexMakeArrayPersistent     000000018000d3c2 f   libmex:libmex.dll
 0001:0000c3c8       mexUnlock                  000000018000d3c8 f   libmex:libmex.dll
 0001:0000c3ce       mexIsLocked                000000018000d3ce f   libmex:libmex.dll
 0001:0000c3d4       mexWarnMsgTxt              000000018000d3d4 f   libmex:libmex.dll
 0001:0000c3da       mexCallMATLAB              000000018000d3da f   libmex:libmex.dll
 0001:0000c3e0       mexErrMsgTxt               000000018000d3e0 f   libmex:libmex.dll
 0001:0000c3e6       mexLock                    000000018000d3e6 f   libmex:libmex.dll
 0001:0000c3ec       utMalloc                   000000018000d3ec f   libut:libut.dll
 0001:0000c3f2       utFree                     000000018000d3f2 f   libut:libut.dll
 0001:0000c3f8       muDoubleScalarFloor        000000018000d3f8 f   libmwmathutil:libmwmathutil.dll
 0001:0000c3fe       muDoubleScalarAbs          000000018000d3fe f   libmwmathutil:libmwmathutil.dll
 0001:0000c404       muDoubleScalarRound        000000018000d404 f   libmwmathutil:libmwmathutil.dll
 0001:0000c40c       __GSHandlerCheckCommon     000000018000d40c f   MSVCRT:gshandler.obj
 0001:0000c470       __GSHandlerCheck           000000018000d470 f   MSVCRT:gshandler.obj
 0001:0000c48e       strcmp                     000000018000d48e f   MSVCRT:MSVCR100.dll
 0001:0000c4b0       __security_check_cookie    000000018000d4b0 f   MSVCRT:amdsecgs.obj
 0001:0000c4d0       strlen                     000000018000d4d0 f   MSVCRT:MSVCR100.dll
 0001:0000c4d6       memset                     000000018000d4d6 f   MSVCRT:MSVCR100.dll
 0001:0000c4dc       free                       000000018000d4dc f   MSVCRT:MSVCR100.dll
 0001:0000c4e2       sprintf                    000000018000d4e2 f   MSVCRT:MSVCR100.dll
 0001:0000c4e8       malloc                     000000018000d4e8 f   MSVCRT:MSVCR100.dll
 0001:0000c4ee       strcat                     000000018000d4ee f   MSVCRT:MSVCR100.dll
 0001:0000c4f4       memcpy                     000000018000d4f4 f   MSVCRT:MSVCR100.dll
 0001:0000c4fc       NtCurrentTeb               000000018000d4fc f i MSVCRT:crtdll.obj
 0001:0000c568       _CRT_INIT                  000000018000d568 f   MSVCRT:crtdll.obj
 0001:0000c900       _DllMainCRTStartup         000000018000d900 f   MSVCRT:crtdll.obj
 0001:0000c940       __report_gsfailure         000000018000d940 f   MSVCRT:gs_report.obj
 0001:0000ca8c       __clean_type_info_names    000000018000da8c f   MSVCRT:tncleanup.obj
 0001:0000ca98       _onexit                    000000018000da98 f   MSVCRT:atonexit.obj
 0001:0000cb48       atexit                     000000018000db48 f   MSVCRT:atonexit.obj
 0001:0000cb60       _RTC_Initialize            000000018000db60 f   MSVCRT:_initsect_.obj
 0001:0000cb98       _RTC_Terminate             000000018000db98 f   MSVCRT:_initsect_.obj
 0001:0000cbd0       _malloc_crt                000000018000dbd0 f   MSVCRT:MSVCR100.dll
 0001:0000cbe0       _ValidateImageBase         000000018000dbe0 f   MSVCRT:pesect.obj
 0001:0000cc10       _FindPESection             000000018000dc10 f   MSVCRT:pesect.obj
 0001:0000cc60       _IsNonwritableInCurrentImage 000000018000dc60 f   MSVCRT:pesect.obj
 0001:0000cca2       _initterm                  000000018000dca2 f   MSVCRT:MSVCR100.dll
 0001:0000cca8       _initterm_e                000000018000dca8 f   MSVCRT:MSVCR100.dll
 0001:0000ccae       _encoded_null              000000018000dcae f   MSVCRT:MSVCR100.dll
 0001:0000ccb4       _amsg_exit                 000000018000dcb4 f   MSVCRT:MSVCR100.dll
 0001:0000ccba       __C_specific_handler       000000018000dcba f   MSVCRT:MSVCR100.dll
 0001:0000ccc0       __CppXcptFilter            000000018000dcc0 f   MSVCRT:MSVCR100.dll
 0001:0000ccc8       DllMain                    000000018000dcc8 f   MSVCRT:dllmain.obj
 0001:0000ccec       __security_init_cookie     000000018000dcec f   MSVCRT:gs_support.obj
 0001:0000cda0       __crt_debugger_hook        000000018000dda0 f   MSVCRT:MSVCR100.dll
 0001:0000cda6       __clean_type_info_names_internal 000000018000dda6 f   MSVCRT:MSVCR100.dll
 0001:0000cdac       _unlock                    000000018000ddac f   MSVCRT:MSVCR100.dll
 0001:0000cdb2       __dllonexit                000000018000ddb2 f   MSVCRT:MSVCR100.dll
 0001:0000cdb8       _lock                      000000018000ddb8 f   MSVCRT:MSVCR100.dll
 0001:0000cdbe       EncodePointer              000000018000ddbe f   kernel32:KERNEL32.dll
 0001:0000cdc4       DecodePointer              000000018000ddc4 f   kernel32:KERNEL32.dll
 0001:0000cdca       Sleep                      000000018000ddca f   kernel32:KERNEL32.dll
 0001:0000cdd0       TerminateProcess           000000018000ddd0 f   kernel32:KERNEL32.dll
 0001:0000cdd6       GetCurrentProcess          000000018000ddd6 f   kernel32:KERNEL32.dll
 0001:0000cddc       UnhandledExceptionFilter   000000018000dddc f   kernel32:KERNEL32.dll
 0001:0000cde2       SetUnhandledExceptionFilter 000000018000dde2 f   kernel32:KERNEL32.dll
 0001:0000cde8       IsDebuggerPresent          000000018000dde8 f   kernel32:KERNEL32.dll
 0001:0000cdee       RtlVirtualUnwind           000000018000ddee f   kernel32:KERNEL32.dll
 0001:0000cdf4       RtlLookupFunctionEntry     000000018000ddf4 f   kernel32:KERNEL32.dll
 0001:0000cdfa       RtlCaptureContext          000000018000ddfa f   kernel32:KERNEL32.dll
 0001:0000ce00       DisableThreadLibraryCalls  000000018000de00 f   kernel32:KERNEL32.dll
 0001:0000ce06       QueryPerformanceCounter    000000018000de06 f   kernel32:KERNEL32.dll
 0001:0000ce0c       GetTickCount               000000018000de0c f   kernel32:KERNEL32.dll
 0001:0000ce12       GetCurrentThreadId         000000018000de12 f   kernel32:KERNEL32.dll
 0001:0000ce18       GetCurrentProcessId        000000018000de18 f   kernel32:KERNEL32.dll
 0001:0000ce1e       GetSystemTimeAsFileTime    000000018000de1e f   kernel32:KERNEL32.dll
 0002:00000000       __imp_GetSystemTimeAsFileTime 000000018000e000     kernel32:KERNEL32.dll
 0002:00000008       __imp_GetCurrentProcessId  000000018000e008     kernel32:KERNEL32.dll
 0002:00000010       __imp_GetCurrentThreadId   000000018000e010     kernel32:KERNEL32.dll
 0002:00000018       __imp_GetTickCount         000000018000e018     kernel32:KERNEL32.dll
 0002:00000020       __imp_QueryPerformanceCounter 000000018000e020     kernel32:KERNEL32.dll
 0002:00000028       __imp_DisableThreadLibraryCalls 000000018000e028     kernel32:KERNEL32.dll
 0002:00000030       __imp_RtlCaptureContext    000000018000e030     kernel32:KERNEL32.dll
 0002:00000038       __imp_RtlLookupFunctionEntry 000000018000e038     kernel32:KERNEL32.dll
 0002:00000040       __imp_RtlVirtualUnwind     000000018000e040     kernel32:KERNEL32.dll
 0002:00000048       __imp_IsDebuggerPresent    000000018000e048     kernel32:KERNEL32.dll
 0002:00000050       __imp_SetUnhandledExceptionFilter 000000018000e050     kernel32:KERNEL32.dll
 0002:00000058       __imp_UnhandledExceptionFilter 000000018000e058     kernel32:KERNEL32.dll
 0002:00000060       __imp_GetCurrentProcess    000000018000e060     kernel32:KERNEL32.dll
 0002:00000068       __imp_TerminateProcess     000000018000e068     kernel32:KERNEL32.dll
 0002:00000070       __imp_Sleep                000000018000e070     kernel32:KERNEL32.dll
 0002:00000078       __imp_DecodePointer        000000018000e078     kernel32:KERNEL32.dll
 0002:00000080       __imp_EncodePointer        000000018000e080     kernel32:KERNEL32.dll
 0002:00000088       \177KERNEL32_NULL_THUNK_DATA 000000018000e088     kernel32:KERNEL32.dll
 0002:00000090       __imp__onexit              000000018000e090     MSVCRT:MSVCR100.dll
 0002:00000098       __imp__lock                000000018000e098     MSVCRT:MSVCR100.dll
 0002:000000a0       __imp___dllonexit          000000018000e0a0     MSVCRT:MSVCR100.dll
 0002:000000a8       __imp__unlock              000000018000e0a8     MSVCRT:MSVCR100.dll
 0002:000000b0       __imp___clean_type_info_names_internal 000000018000e0b0     MSVCRT:MSVCR100.dll
 0002:000000b8       __imp___crt_debugger_hook  000000018000e0b8     MSVCRT:MSVCR100.dll
 0002:000000c0       __imp___CppXcptFilter      000000018000e0c0     MSVCRT:MSVCR100.dll
 0002:000000c8       __imp___C_specific_handler 000000018000e0c8     MSVCRT:MSVCR100.dll
 0002:000000d0       __imp__amsg_exit           000000018000e0d0     MSVCRT:MSVCR100.dll
 0002:000000d8       __imp__encoded_null        000000018000e0d8     MSVCRT:MSVCR100.dll
 0002:000000e0       __imp__initterm_e          000000018000e0e0     MSVCRT:MSVCR100.dll
 0002:000000e8       __imp__initterm            000000018000e0e8     MSVCRT:MSVCR100.dll
 0002:000000f0       __imp__malloc_crt          000000018000e0f0     MSVCRT:MSVCR100.dll
 0002:000000f8       __imp_memcpy               000000018000e0f8     MSVCRT:MSVCR100.dll
 0002:00000100       __imp_strcat               000000018000e100     MSVCRT:MSVCR100.dll
 0002:00000108       __imp_malloc               000000018000e108     MSVCRT:MSVCR100.dll
 0002:00000110       __imp_sprintf              000000018000e110     MSVCRT:MSVCR100.dll
 0002:00000118       __imp_free                 000000018000e118     MSVCRT:MSVCR100.dll
 0002:00000120       __imp_memset               000000018000e120     MSVCRT:MSVCR100.dll
 0002:00000128       __imp_strlen               000000018000e128     MSVCRT:MSVCR100.dll
 0002:00000130       __imp_strcmp               000000018000e130     MSVCRT:MSVCR100.dll
 0002:00000138       \177MSVCR100_NULL_THUNK_DATA 000000018000e138     MSVCRT:MSVCR100.dll
 0002:00000140       __imp_mexErrMsgTxt         000000018000e140     libmex:libmex.dll
 0002:00000148       __imp_mexUnlock            000000018000e148     libmex:libmex.dll
 0002:00000150       __imp_mexIsLocked          000000018000e150     libmex:libmex.dll
 0002:00000158       __imp_mexWarnMsgTxt        000000018000e158     libmex:libmex.dll
 0002:00000160       __imp_mexLock              000000018000e160     libmex:libmex.dll
 0002:00000168       __imp_mexMakeArrayPersistent 000000018000e168     libmex:libmex.dll
 0002:00000170       __imp_mexCallMATLAB        000000018000e170     libmex:libmex.dll
 0002:00000178       \177libmex_NULL_THUNK_DATA 000000018000e178     libmex:libmex.dll
 0002:00000180       __imp_muDoubleScalarAbs    000000018000e180     libmwmathutil:libmwmathutil.dll
 0002:00000188       __imp_muDoubleScalarRound  000000018000e188     libmwmathutil:libmwmathutil.dll
 0002:00000190       __imp_muDoubleScalarFloor  000000018000e190     libmwmathutil:libmwmathutil.dll
 0002:00000198       \177libmwmathutil_NULL_THUNK_DATA 000000018000e198     libmwmathutil:libmwmathutil.dll
 0002:000001a0       __imp_mxCalloc             000000018000e1a0     libmx:libmx.dll
 0002:000001a8       __imp_mxGetM               000000018000e1a8     libmx:libmx.dll
 0002:000001b0       __imp_mxGetN               000000018000e1b0     libmx:libmx.dll
 0002:000001b8       __imp_mxIsComplex          000000018000e1b8     libmx:libmx.dll
 0002:000001c0       __imp_mxIsNumeric          000000018000e1c0     libmx:libmx.dll
 0002:000001c8       __imp_mxGetClassID         000000018000e1c8     libmx:libmx.dll
 0002:000001d0       __imp_mxCreateCellMatrix_730 000000018000e1d0     libmx:libmx.dll
 0002:000001d8       __imp_mxCreateStructMatrix_730 000000018000e1d8     libmx:libmx.dll
 0002:000001e0       __imp_mxCreateString       000000018000e1e0     libmx:libmx.dll
 0002:000001e8       __imp_mxSetField_730       000000018000e1e8     libmx:libmx.dll
 0002:000001f0       __imp_mxCreateDoubleMatrix_730 000000018000e1f0     libmx:libmx.dll
 0002:000001f8       __imp_mxGetScalar          000000018000e1f8     libmx:libmx.dll
 0002:00000200       __imp_mxGetString_730      000000018000e200     libmx:libmx.dll
 0002:00000208       __imp_mxIsChar             000000018000e208     libmx:libmx.dll
 0002:00000210       __imp_mxGetPr              000000018000e210     libmx:libmx.dll
 0002:00000218       __imp_mxDestroyArray       000000018000e218     libmx:libmx.dll
 0002:00000220       __imp_mxDuplicateArray     000000018000e220     libmx:libmx.dll
 0002:00000228       __imp_mxCreateDoubleScalar 000000018000e228     libmx:libmx.dll
 0002:00000230       \177libmx_NULL_THUNK_DATA  000000018000e230     libmx:libmx.dll
 0002:00000238       __imp_utMalloc             000000018000e238     libut:libut.dll
 0002:00000240       __imp_utFree               000000018000e240     libut:libut.dll
 0002:00000248       \177libut_NULL_THUNK_DATA  000000018000e248     libut:libut.dll
 0002:00000250       __imp_call_sf_machine_global_method_dispatcher 000000018000e250     sf_runtime:sf_runtime.dll
 0002:00000258       __imp_callMdlMethodAndReportError 000000018000e258     sf_runtime:sf_runtime.dll
 0002:00000260       __imp_sf_debug_api         000000018000e260     sf_runtime:sf_runtime.dll
 0002:00000268       __imp_sf_debug_create_debug_instance_struct 000000018000e268     sf_runtime:sf_runtime.dll
 0002:00000270       __imp_sf_debug_terminate   000000018000e270     sf_runtime:sf_runtime.dll
 0002:00000278       __imp_sf_clear_rtw_identifier 000000018000e278     sf_runtime:sf_runtime.dll
 0002:00000280       __imp_sf_debug_symbol_scope_push 000000018000e280     sf_runtime:sf_runtime.dll
 0002:00000288       __imp_sf_clear_error_manager_info 000000018000e288     sf_runtime:sf_runtime.dll
 0002:00000290       __imp_sf_debug_data_range_wrapper 000000018000e290     sf_runtime:sf_runtime.dll
 0002:00000298       __imp_sf_debug_symbol_scope_push_eml 000000018000e298     sf_runtime:sf_runtime.dll
 0002:000002a0       __imp_sf_debug_symbol_scope_add_eml_importable 000000018000e2a0     sf_runtime:sf_runtime.dll
 0002:000002a8       __imp_sf_debug_symbol_scope_add_eml 000000018000e2a8     sf_runtime:sf_runtime.dll
 0002:000002b0       __imp_cv_eml_eval          000000018000e2b0     sf_runtime:sf_runtime.dll
 0002:000002b8       __imp_eml_debug_line_call  000000018000e2b8     sf_runtime:sf_runtime.dll
 0002:000002c0       __imp_sf_debug_symbol_scope_pop 000000018000e2c0     sf_runtime:sf_runtime.dll
 0002:000002c8       __imp_sf_debug_check_for_state_inconsistency 000000018000e2c8     sf_runtime:sf_runtime.dll
 0002:000002d0       __imp_sf_mex_error_direct_call 000000018000e2d0     sf_runtime:sf_runtime.dll
 0002:000002d8       __imp_sf_debug_call        000000018000e2d8     sf_runtime:sf_runtime.dll
 0002:000002e0       __imp_sf_get_time          000000018000e2e0     sf_runtime:sf_runtime.dll
 0002:000002e8       __imp_sf_debug_initialize_chart 000000018000e2e8     sf_runtime:sf_runtime.dll
 0002:000002f0       __imp_sf_debug_set_chart_disable_implicit_casting 000000018000e2f0     sf_runtime:sf_runtime.dll
 0002:000002f8       __imp_sf_debug_set_chart_event_thresholds 000000018000e2f8     sf_runtime:sf_runtime.dll
 0002:00000300       __imp_sf_debug_set_chart_data_props 000000018000e300     sf_runtime:sf_runtime.dll
 0002:00000308       __imp_sf_debug_set_chart_state_info 000000018000e308     sf_runtime:sf_runtime.dll
 0002:00000310       __imp_sf_debug_set_chart_substate_count 000000018000e310     sf_runtime:sf_runtime.dll
 0002:00000318       __imp_sf_debug_set_chart_decomposition 000000018000e318     sf_runtime:sf_runtime.dll
 0002:00000320       __imp_sf_debug_cv_init_chart 000000018000e320     sf_runtime:sf_runtime.dll
 0002:00000328       __imp_sf_debug_cv_init_state 000000018000e328     sf_runtime:sf_runtime.dll
 0002:00000330       __imp_sf_debug_cv_init_trans 000000018000e330     sf_runtime:sf_runtime.dll
 0002:00000338       __imp_cv_eml_init_script   000000018000e338     sf_runtime:sf_runtime.dll
 0002:00000340       __imp_cv_eml_init_fcn      000000018000e340     sf_runtime:sf_runtime.dll
 0002:00000348       __imp_cv_eml_init_if       000000018000e348     sf_runtime:sf_runtime.dll
 0002:00000350       __imp_sf_debug_set_chart_data_compiled_props 000000018000e350     sf_runtime:sf_runtime.dll
 0002:00000358       __imp_sf_debug_set_instance_data_value_ptr 000000018000e358     sf_runtime:sf_runtime.dll
 0002:00000360       __imp_sf_debug_reset_current_state_configuration 000000018000e360     sf_runtime:sf_runtime.dll
 0002:00000368       __imp_sim_mode_is_rtw_gen  000000018000e368     sf_runtime:sf_runtime.dll
 0002:00000370       __imp_sim_mode_is_external 000000018000e370     sf_runtime:sf_runtime.dll
 0002:00000378       __imp_sf_is_chart_inlinable 000000018000e378     sf_runtime:sf_runtime.dll
 0002:00000380       __imp_sf_rtw_info_uint_prop 000000018000e380     sf_runtime:sf_runtime.dll
 0002:00000388       __imp_sf_update_buildInfo  000000018000e388     sf_runtime:sf_runtime.dll
 0002:00000390       __imp_sf_mark_chart_expressionable_inputs 000000018000e390     sf_runtime:sf_runtime.dll
 0002:00000398       __imp_sf_mark_chart_reusable_outputs 000000018000e398     sf_runtime:sf_runtime.dll
 0002:000003a0       __imp_sf_set_rtw_dwork_info 000000018000e3a0     sf_runtime:sf_runtime.dll
 0002:000003a8       __imp_sf_mex_import        000000018000e3a8     sf_runtime:sf_runtime.dll
 0002:000003b0       __imp_sf_mex_dup           000000018000e3b0     sf_runtime:sf_runtime.dll
 0002:000003b8       __imp_sf_mex_getcell       000000018000e3b8     sf_runtime:sf_runtime.dll
 0002:000003c0       __imp_sf_mex_decode_encoded_mx_struct_array 000000018000e3c0     sf_runtime:sf_runtime.dll
 0002:000003c8       __imp_sf_mex_setcell       000000018000e3c8     sf_runtime:sf_runtime.dll
 0002:000003d0       __imp_sf_mex_call_matlab   000000018000e3d0     sf_runtime:sf_runtime.dll
 0002:000003d8       __imp_sf_mex_error_message 000000018000e3d8     sf_runtime:sf_runtime.dll
 0002:000003e0       __imp_sf_mex_create        000000018000e3e0     sf_runtime:sf_runtime.dll
 0002:000003e8       __imp_sf_mex_addfield      000000018000e3e8     sf_runtime:sf_runtime.dll
 0002:000003f0       __imp_sf_mex_createcellmatrix 000000018000e3f0     sf_runtime:sf_runtime.dll
 0002:000003f8       __imp_sf_mex_duplicatearraysafe 000000018000e3f8     sf_runtime:sf_runtime.dll
 0002:00000400       __imp_sf_mex_destroy       000000018000e400     sf_runtime:sf_runtime.dll
 0002:00000408       __imp_sf_mex_createstruct  000000018000e408     sf_runtime:sf_runtime.dll
 0002:00000410       __imp_sf_mex_assign        000000018000e410     sf_runtime:sf_runtime.dll
 0002:00000418       __imp_sf_mex_emlrtNameCapturePostProcessR2012a 000000018000e418     sf_runtime:sf_runtime.dll
 0002:00000420       __imp_sf_load_rtw_optimization_info 000000018000e420     sf_runtime:sf_runtime.dll
 0002:00000428       __imp_sf_debug_initialize_machine 000000018000e428     sf_runtime:sf_runtime.dll
 0002:00000430       __imp_sf_debug_set_machine_event_thresholds 000000018000e430     sf_runtime:sf_runtime.dll
 0002:00000438       __imp_sf_debug_set_machine_data_thresholds 000000018000e438     sf_runtime:sf_runtime.dll
 0002:00000440       \177sf_runtime_NULL_THUNK_DATA 000000018000e440     sf_runtime:sf_runtime.dll
 0002:00000448       __xc_a                     000000018000e448     MSVCRT:cinitexe.obj
 0002:00000450       __xc_z                     000000018000e450     MSVCRT:cinitexe.obj
 0002:00000458       __xi_a                     000000018000e458     MSVCRT:cinitexe.obj
 0002:00000468       __xi_z                     000000018000e468     MSVCRT:cinitexe.obj
 0002:00000470       __real@41eb5074c5a00000    000000018000e470     sl_drivepoint_sfun.obj
 0002:00000478       __real@41eba8e608000000    000000018000e478     sl_drivepoint_sfun.obj
 0002:00000480       __real@41e1a068c5e00000    000000018000e480     sl_drivepoint_sfun.obj
 0002:00000488       __real@41cf51894e800000    000000018000e488     sl_drivepoint_sfun.obj
 0002:00000490       __real@41dac04d18000000    000000018000e490     sl_drivepoint_sfun.obj
 0002:00000498       __real@41d47c8f37000000    000000018000e498     sl_drivepoint_sfun.obj
 0002:000004a0       __real@41e6c6d1cea00000    000000018000e4a0     sl_drivepoint_sfun.obj
 0002:000004a8       __real@41e065c136a00000    000000018000e4a8     sl_drivepoint_sfun.obj
 0002:000004b0       __real@41bb6d0924000000    000000018000e4b0     sl_drivepoint_sfun.obj
 0002:000004b8       __real@41ef6acdc9000000    000000018000e4b8     sl_drivepoint_sfun.obj
 0002:000004c0       __real@41e50de547e00000    000000018000e4c0     sl_drivepoint_sfun.obj
 0002:000004c8       __real@41e8a96f7ce00000    000000018000e4c8     sl_drivepoint_sfun.obj
 0002:000004d0       __real@41d41e1472c00000    000000018000e4d0     sl_drivepoint_sfun.obj
 0002:000004d8       __real@41c1977769000000    000000018000e4d8     sl_drivepoint_sfun.obj
 0002:000004e0       __real@41e055cd3fa00000    000000018000e4e0     sl_drivepoint_sfun.obj
 0002:000004e8       __real@41b4c787f4000000    000000018000e4e8     sl_drivepoint_sfun.obj
 0002:000004f0       __real@41e445d86e600000    000000018000e4f0     c2_sl_drivepoint.obj
 0002:000004f8       __real@41e4ad03a4e00000    000000018000e4f8     c2_sl_drivepoint.obj
 0002:00000500       __real@41e9ccf786600000    000000018000e500     c2_sl_drivepoint.obj
 0002:00000508       __real@41e05d9fd2a00000    000000018000e508     c2_sl_drivepoint.obj
 0002:00000510       __real@4024000000000000    000000018000e510     c2_sl_drivepoint.obj
 0002:00000518       __real@3ff0000000000000    000000018000e518     c2_sl_drivepoint.obj
 0002:00000520       __real@3cb0000000000000    000000018000e520     c2_sl_drivepoint.obj
 0002:00000528       __real@401921fb54442d18    000000018000e528     c2_sl_drivepoint.obj
 0002:00000530       __real@400921fb54442d18    000000018000e530     c2_sl_drivepoint.obj
 0002:00000538       __real@4000000000000000    000000018000e538     c2_sl_drivepoint.obj
 0002:00000540       DYNAMIC_DIMENSION_DEF      000000018000e540     sl_drivepoint_sfun_registry.obj
 0002:00000560       _ssBadLevel2InputAccessMsg 000000018000e560     sl_drivepoint_sfun_registry.obj
 0002:000006f0       _ssBadLevel2DirectFeedMsg  000000018000e6f0     sl_drivepoint_sfun_registry.obj
 0002:00000830       _ssBadLevel2DirectFeedSolutionMsg 000000018000e830     sl_drivepoint_sfun_registry.obj
 0002:000008a0       _ssBadLevel2ZeroDirectFeedMsg 000000018000e8a0     sl_drivepoint_sfun_registry.obj
 0002:000009e0       _ssBadLevel2ZeroDirectFeedMsg2 000000018000e9e0     sl_drivepoint_sfun_registry.obj
 0002:00000ac8       __real@0000000000000000    000000018000eac8     sl_drivepoint_sfun_registry.obj
 0002:00000ad0       __real@bff0000000000000    000000018000ead0     sl_drivepoint_sfun_registry.obj
 0002:00000ad8       __real@41602cbca0000000    000000018000ead8     sl_drivepoint_sfun_registry.obj
 0002:00000ae0       _pRawDllMain               000000018000eae0     MSVCRT:crtdll.obj
 0002:00000ae0       _pDefaultRawDllMain        000000018000eae0     MSVCRT:crtdll.obj
 0002:00000af8       ?ProcessDetach@NativeDll@<CrtImplementationDetails>@@0IB 000000018000eaf8     MSVCRT:tncleanup.obj
 0002:00000afc       ?ProcessAttach@NativeDll@<CrtImplementationDetails>@@0IB 000000018000eafc     MSVCRT:tncleanup.obj
 0002:00000b00       ?ThreadAttach@NativeDll@<CrtImplementationDetails>@@0IB 000000018000eb00     MSVCRT:tncleanup.obj
 0002:00000b04       ?ThreadDetach@NativeDll@<CrtImplementationDetails>@@0IB 000000018000eb04     MSVCRT:tncleanup.obj
 0002:00000b08       ?ProcessVerifier@NativeDll@<CrtImplementationDetails>@@0IB 000000018000eb08     MSVCRT:tncleanup.obj
 0002:00000b10       __rtc_iaa                  000000018000eb10     MSVCRT:_initsect_.obj
 0002:00000b18       __rtc_izz                  000000018000eb18     MSVCRT:_initsect_.obj
 0002:00000b20       __rtc_taa                  000000018000eb20     MSVCRT:_initsect_.obj
 0002:00000b28       __rtc_tzz                  000000018000eb28     MSVCRT:_initsect_.obj
 0002:00001170       __IMPORT_DESCRIPTOR_sf_runtime 000000018000f170     sf_runtime:sf_runtime.dll
 0002:00001184       __IMPORT_DESCRIPTOR_libmx  000000018000f184     libmx:libmx.dll
 0002:00001198       __IMPORT_DESCRIPTOR_libmex 000000018000f198     libmex:libmex.dll
 0002:000011ac       __IMPORT_DESCRIPTOR_libut  000000018000f1ac     libut:libut.dll
 0002:000011c0       __IMPORT_DESCRIPTOR_libmwmathutil 000000018000f1c0     libmwmathutil:libmwmathutil.dll
 0002:000011d4       __IMPORT_DESCRIPTOR_MSVCR100 000000018000f1d4     MSVCRT:MSVCR100.dll
 0002:000011e8       __IMPORT_DESCRIPTOR_KERNEL32 000000018000f1e8     kernel32:KERNEL32.dll
 0002:000011fc       __NULL_IMPORT_DESCRIPTOR   000000018000f1fc     sf_runtime:sf_runtime.dll
 0003:00001d50       DYNAMIC_DIMENSION          0000000180012d50     sl_drivepoint_sfun_registry.obj
 0003:00002958       __security_cookie          0000000180013958     MSVCRT:gs_cookie.obj
 0003:00002960       __security_cookie_complement 0000000180013960     MSVCRT:gs_cookie.obj
 0003:00002968       _fltused                   0000000180013968     MSVCRT:dllsupp.obj
 0003:00002970       __native_dllmain_reason    0000000180013970     MSVCRT:natstart.obj
 0003:00002974       __native_vcclrit_reason    0000000180013974     MSVCRT:natstart.obj
 0003:00002a68       sfGlobalDebugInstanceStruct 0000000180013a68     sl_drivepoint_sfun_registry.obj
 0003:00002ff0       ?__type_info_root_node@@3U__type_info_node@@A 0000000180013ff0     MSVCRT:tncleanup.obj
 0003:00003000       _sl_drivepointMachineNumber_ 0000000180014000     <common>
 0003:00003004       __native_startup_state     0000000180014004     <common>
 0003:00003008       __native_startup_lock      0000000180014008     <common>
 0003:00003010       __onexitend                0000000180014010     <common>
 0003:00003018       __onexitbegin              0000000180014018     <common>
 0003:00003020       __dyn_tls_init_callback    0000000180014020     <common>

 entry point at        0001:0000c900

 Static symbols

 0001:00000ca0       c2_info_helper             0000000180001ca0 f   c2_sl_drivepoint.obj
 0001:00002e90       c2_emlrt_marshallOut       0000000180003e90 f   c2_sl_drivepoint.obj
 0001:00002f20       c2_b_emlrt_marshallOut     0000000180003f20 f   c2_sl_drivepoint.obj
 0001:000036e0       get_sim_state_c2_sl_drivepoint 00000001800046e0 f   c2_sl_drivepoint.obj
 0001:00003880       sf_get_sim_state_info_c2_sl_drivepoint 0000000180004880 f   c2_sl_drivepoint.obj
 0001:00003a50       set_sim_state_c2_sl_drivepoint 0000000180004a50 f   c2_sl_drivepoint.obj
 0001:00003b30       c2_update_debugger_state_c2_sl_drivepoint 0000000180004b30 f   c2_sl_drivepoint.obj
 0001:00003b40       c2_emlrt_marshallIn        0000000180004b40 f   c2_sl_drivepoint.obj
 0001:00003bb0       c2_b_emlrt_marshallIn      0000000180004bb0 f   c2_sl_drivepoint.obj
 0001:00003c40       c2_d_emlrt_marshallIn      0000000180004c40 f   c2_sl_drivepoint.obj
 0001:00003ca0       c2_e_emlrt_marshallIn      0000000180004ca0 f   c2_sl_drivepoint.obj
 0001:00003da0       mdlProcessParameters_c2_sl_drivepoint 0000000180004da0 f   c2_sl_drivepoint.obj
 0001:00003e80       initialize_params_c2_sl_drivepoint 0000000180004e80 f   c2_sl_drivepoint.obj
 0001:00003e90       mdlSetWorkWidths_c2_sl_drivepoint 0000000180004e90 f   c2_sl_drivepoint.obj
 0001:00004390       sf_get_instance_specialization 0000000180005390 f   c2_sl_drivepoint.obj
 0001:000043a0       mdlStart_c2_sl_drivepoint  00000001800053a0 f   c2_sl_drivepoint.obj
 0001:000045d0       init_dsm_address_info      00000001800055d0 f   c2_sl_drivepoint.obj
 0001:000045e0       chart_debug_initialization 00000001800055e0 f   c2_sl_drivepoint.obj
 0001:00004ef0       init_script_number_translation 0000000180005ef0 f   c2_sl_drivepoint.obj
 0001:00004f10       c2_sf_marshallOut          0000000180005f10 f   c2_sl_drivepoint.obj
 0001:00004fc0       c2_sf_marshallIn           0000000180005fc0 f   c2_sl_drivepoint.obj
 0001:00005060       sf_opaque_initialize_c2_sl_drivepoint 0000000180006060 f   c2_sl_drivepoint.obj
 0001:000050a0       initialize_c2_sl_drivepoint 00000001800060a0 f   c2_sl_drivepoint.obj
 0001:000050f0       sf_opaque_enable_c2_sl_drivepoint 00000001800060f0 f   c2_sl_drivepoint.obj
 0001:00005110       enable_c2_sl_drivepoint    0000000180006110 f   c2_sl_drivepoint.obj
 0001:00005140       sf_opaque_disable_c2_sl_drivepoint 0000000180006140 f   c2_sl_drivepoint.obj
 0001:00005160       disable_c2_sl_drivepoint   0000000180006160 f   c2_sl_drivepoint.obj
 0001:00005190       sf_opaque_gateway_c2_sl_drivepoint 0000000180006190 f   c2_sl_drivepoint.obj
 0001:000051b0       sf_gateway_c2_sl_drivepoint 00000001800061b0 f   c2_sl_drivepoint.obj
 0001:00005b00       c2_eml_scalar_eg           0000000180006b00 f   c2_sl_drivepoint.obj
 0001:00005b10       sf_opaque_get_sim_state_c2_sl_drivepoint 0000000180006b10 f   c2_sl_drivepoint.obj
 0001:00005b30       sf_opaque_set_sim_state_c2_sl_drivepoint 0000000180006b30 f   c2_sl_drivepoint.obj
 0001:00005b60       sf_opaque_terminate_c2_sl_drivepoint 0000000180006b60 f   c2_sl_drivepoint.obj
 0001:00005c00       finalize_c2_sl_drivepoint  0000000180006c00 f   c2_sl_drivepoint.obj
 0001:00005c10       sf_opaque_init_subchart_simstructs 0000000180006c10 f   c2_sl_drivepoint.obj
 0001:00005c30       initSimStructsc2_sl_drivepoint 0000000180006c30 f   c2_sl_drivepoint.obj
 0001:00005c40       mdlRTW_c2_sl_drivepoint    0000000180006c40 f   c2_sl_drivepoint.obj
 0001:00006600       getChartInfoFromSimStruct  0000000180007600 f   sl_drivepoint_sfun_registry.obj
 0001:00007ca0       _ssFatalError              0000000180008ca0 f   sl_drivepoint_sfun_registry.obj
 0001:0000ad50       ProcessMexSfunctionCmdLineCall 000000018000bd50 f   sl_drivepoint_sfun_registry.obj
 0001:0000aeb0       sf_debug_api_wrapper       000000018000beb0 f   sl_drivepoint_sfun_registry.obj
 0001:0000af00       mdlStart                   000000018000bf00 f   sl_drivepoint_sfun_registry.obj
 0001:0000af30       mdl_start_processing       000000018000bf30 f   sl_drivepoint_sfun_registry.obj
 0001:0000afc0       mdlTerminate               000000018000bfc0 f   sl_drivepoint_sfun_registry.obj
 0001:0000aff0       mdl_terminate_processing   000000018000bff0 f   sl_drivepoint_sfun_registry.obj
 0001:0000b070       mdlInitializeSampleTimes   000000018000c070 f   sl_drivepoint_sfun_registry.obj
 0001:0000b0a0       mdlZeroCrossings           000000018000c0a0 f   sl_drivepoint_sfun_registry.obj
 0001:0000b0d0       mdl_zeroCrossings_processing 000000018000c0d0 f   sl_drivepoint_sfun_registry.obj
 0001:0000b110       mdlDerivatives             000000018000c110 f   sl_drivepoint_sfun_registry.obj
 0001:0000b140       mdl_derivatives_processing 000000018000c140 f   sl_drivepoint_sfun_registry.obj
 0001:0000b190       mdlInitializeConditions    000000018000c190 f   sl_drivepoint_sfun_registry.obj
 0001:0000b1c0       mdl_initialize_conditions_processing 000000018000c1c0 f   sl_drivepoint_sfun_registry.obj
 0001:0000b210       mdlEnable                  000000018000c210 f   sl_drivepoint_sfun_registry.obj
 0001:0000b240       mdl_enable_processing      000000018000c240 f   sl_drivepoint_sfun_registry.obj
 0001:0000b280       mdlDisable                 000000018000c280 f   sl_drivepoint_sfun_registry.obj
 0001:0000b2b0       mdl_disable_processing     000000018000c2b0 f   sl_drivepoint_sfun_registry.obj
 0001:0000b2f0       mdlOutputs                 000000018000c2f0 f   sl_drivepoint_sfun_registry.obj
 0001:0000b320       mdl_outputs_processing     000000018000c320 f   sl_drivepoint_sfun_registry.obj
 0001:0000b400       mdl_outputs_continuous_legacy 000000018000c400 f   sl_drivepoint_sfun_registry.obj
 0001:0000b4f0       mdlGetTimeOfNextVarHit     000000018000c4f0 f   sl_drivepoint_sfun_registry.obj
 0001:0000b540       _ProcessMexSfunctionCmdLineCall 000000018000c540 f   sl_drivepoint_sfun_registry.obj
 0001:0000bc90       mdlSetWorkWidths           000000018000cc90 f   sl_drivepoint_sfun_registry.obj
 0001:0000bcc0       mdlProcessParameters       000000018000ccc0 f   sl_drivepoint_sfun_registry.obj
 0001:0000bcf0       mdlInitializeSizes         000000018000ccf0 f   sl_drivepoint_sfun_registry.obj
 0001:0000bd20       mdlExtModeExec             000000018000cd20 f   sl_drivepoint_sfun_registry.obj
 0001:0000bd50       mdl_ext_mode_exec_processing 000000018000cd50 f   sl_drivepoint_sfun_registry.obj
 0001:0000bd90       mdlRTW                     000000018000cd90 f   sl_drivepoint_sfun_registry.obj
 0001:0000bdd0       _CreateSimStruct           000000018000cdd0 f   sl_drivepoint_sfun_registry.obj
 0001:0000bf60       _RegNumInputPortsCB        000000018000cf60 f   sl_drivepoint_sfun_registry.obj
 0001:0000bfe0       _RegNumOutputPortsCB       000000018000cfe0 f   sl_drivepoint_sfun_registry.obj
 0001:0000c508       pre_c_init                 000000018000d508 f   MSVCRT:crtdll.obj
 0001:0000c7c4       __DllMainCRTStartup        000000018000d7c4 f   MSVCRT:crtdll.obj
 0001:0000ce30       __DllMainCRTStartup$filt$0 000000018000de30 f   MSVCRT:crtdll.obj
 0001:0000ce60       __DllMainCRTStartup$fin$1  000000018000de60 f   MSVCRT:crtdll.obj
 0001:0000ce7a       _onexit$fin$0              000000018000de7a f   MSVCRT:atonexit.obj
 0001:0000cea0       _IsNonwritableInCurrentImage$filt$0 000000018000dea0 f   MSVCRT:pesect.obj
